
   FAIL  Tests\Feature\MissionSetTest
  ⨯ user sees completed state when program finished                      0.25s  
  ────────────────────────────────────────────────────────────────────────────  
   FAILED  Tests\Feature\MissionSetTest > user sees completed state when pro…   
  Expected: <!DOCTYPE html>\n
  <html lang="en">\n
  <head>\n
  ... (842 more lines)

  To contain: Congratulations!

  at tests/Feature/MissionSetTest.php:106
    102▕ 
    103▕         // 6. Assert
    104▕         $response->assertStatus(200);
    105▕         // The view displays 'Congratulations!' (program_completed_title)
  ➜ 106▕         $response->assertSee('Congratulations!'); 
    107▕     }
    108▕ 
    109▕     public function test_fallback_to_default_journey_if_no_mission_set()
    110▕     {


  Tests:    1 failed (2 assertions)
  Duration: 0.30s

